10:14:17.611 [main] DEBUG org.testng.TestNG - suiteXmlPath: "C:\seleniumwebdriver\OpencartV121\grid-docker.xml"
10:14:18.017 [main] INFO  org.testng.internal.Utils - [TestNG] Running:
  C:\seleniumwebdriver\OpencartV121\grid-docker.xml

10:14:22.396 [main] INFO  Testcases.TC001_AccountRegistrationTest - *** starting TC001_AccountRegistrationTest ***
10:14:22.579 [main] INFO  Testcases.TC001_AccountRegistrationTest - *** clicked on MyAccount link
10:14:23.225 [main] INFO  Testcases.TC001_AccountRegistrationTest - *** clicked on Register Link ***
10:14:23.230 [main] INFO  Testcases.TC001_AccountRegistrationTest - providing customer details...
10:14:26.621 [main] INFO  Testcases.TC001_AccountRegistrationTest - Validating expected message
10:14:26.703 [main] INFO  Testcases.TC001_AccountRegistrationTest - *** Finished TC001_AccountRegistrationTest ***
10:14:29.460 [main] INFO  Testcases.TC002_LoginTest - ****TC002_LoginTest Started****
10:14:32.265 [main] INFO  Testcases.TC002_LoginTest - ***TC002_LoginTest Finished***
12:03:57.458 [main] DEBUG org.testng.TestNG - suiteXmlPath: "C:\seleniumwebdriver\OpencartV121\grid-docker.xml"
12:03:58.081 [main] INFO  org.testng.internal.Utils - [TestNG] Running:
  C:\seleniumwebdriver\OpencartV121\grid-docker.xml

12:04:08.445 [main] INFO  Testcases.TC001_AccountRegistrationTest - *** starting TC001_AccountRegistrationTest ***
12:04:08.680 [main] INFO  Testcases.TC001_AccountRegistrationTest - *** clicked on MyAccount link
12:04:09.581 [main] INFO  Testcases.TC001_AccountRegistrationTest - *** clicked on Register Link ***
12:04:09.587 [main] INFO  Testcases.TC001_AccountRegistrationTest - providing customer details...
12:04:12.507 [main] INFO  Testcases.TC001_AccountRegistrationTest - Validating expected message
12:04:12.667 [main] INFO  Testcases.TC001_AccountRegistrationTest - *** Finished TC001_AccountRegistrationTest ***
12:04:15.508 [main] INFO  Testcases.TC002_LoginTest - ****TC002_LoginTest Started****
12:04:17.865 [main] INFO  Testcases.TC002_LoginTest - ***TC002_LoginTest Finished***
12:05:22.573 [main] DEBUG org.testng.TestNG - suiteXmlPath: "C:\seleniumwebdriver\OpencartV121\grid-docker.xml"
12:05:22.992 [main] INFO  org.testng.internal.Utils - [TestNG] Running:
  C:\seleniumwebdriver\OpencartV121\grid-docker.xml

12:05:26.689 [main] INFO  Testcases.TC001_AccountRegistrationTest - *** starting TC001_AccountRegistrationTest ***
12:05:26.934 [main] INFO  Testcases.TC001_AccountRegistrationTest - *** clicked on MyAccount link
12:05:27.578 [main] INFO  Testcases.TC001_AccountRegistrationTest - *** clicked on Register Link ***
12:05:27.584 [main] INFO  Testcases.TC001_AccountRegistrationTest - providing customer details...
12:05:32.293 [main] INFO  Testcases.TC001_AccountRegistrationTest - Validating expected message
12:05:32.391 [main] INFO  Testcases.TC001_AccountRegistrationTest - *** Finished TC001_AccountRegistrationTest ***
12:05:36.528 [main] INFO  Testcases.TC002_LoginTest - ****TC002_LoginTest Started****
12:05:39.368 [main] INFO  Testcases.TC002_LoginTest - ***TC002_LoginTest Finished***
12:06:26.769 [main] DEBUG org.testng.TestNG - suiteXmlPath: "C:\seleniumwebdriver\OpencartV121\grid-docker.xml"
12:06:27.104 [main] INFO  org.testng.internal.Utils - [TestNG] Running:
  C:\seleniumwebdriver\OpencartV121\grid-docker.xml

12:06:31.409 [main] INFO  Testcases.TC001_AccountRegistrationTest - *** starting TC001_AccountRegistrationTest ***
12:06:31.613 [main] INFO  Testcases.TC001_AccountRegistrationTest - *** clicked on MyAccount link
12:06:32.466 [main] INFO  Testcases.TC001_AccountRegistrationTest - *** clicked on Register Link ***
12:06:32.472 [main] INFO  Testcases.TC001_AccountRegistrationTest - providing customer details...
12:06:34.795 [main] INFO  Testcases.TC001_AccountRegistrationTest - Validating expected message
12:06:34.865 [main] INFO  Testcases.TC001_AccountRegistrationTest - *** Finished TC001_AccountRegistrationTest ***
12:06:37.433 [main] INFO  Testcases.TC002_LoginTest - ****TC002_LoginTest Started****
12:06:40.873 [main] INFO  Testcases.TC002_LoginTest - ***TC002_LoginTest Finished***
12:11:32.115 [main] DEBUG org.testng.TestNG - suiteXmlPath: "C:\seleniumwebdriver\OpencartV121\grid-docker.xml"
12:11:32.501 [main] INFO  org.testng.internal.Utils - [TestNG] Running:
  C:\seleniumwebdriver\OpencartV121\grid-docker.xml

12:11:37.665 [main] INFO  Testcases.TC001_AccountRegistrationTest - *** starting TC001_AccountRegistrationTest ***
12:11:37.942 [main] INFO  Testcases.TC001_AccountRegistrationTest - *** clicked on MyAccount link
12:11:38.621 [main] INFO  Testcases.TC001_AccountRegistrationTest - *** clicked on Register Link ***
12:11:38.625 [main] INFO  Testcases.TC001_AccountRegistrationTest - providing customer details...
12:11:41.386 [main] INFO  Testcases.TC001_AccountRegistrationTest - Validating expected message
12:11:41.519 [main] INFO  Testcases.TC001_AccountRegistrationTest - *** Finished TC001_AccountRegistrationTest ***
