12:11:44.389 [main] INFO  Testcases.TC002_LoginTest - ****TC002_LoginTest Started****
12:11:47.338 [main] INFO  Testcases.TC002_LoginTest - ***TC002_LoginTest Finished***
12:11:58.771 [main] INFO  Testcases.TC001_AccountRegistrationTest - *** starting TC001_AccountRegistrationTest ***
12:11:59.019 [main] INFO  Testcases.TC001_AccountRegistrationTest - *** clicked on MyAccount link
12:12:00.339 [main] INFO  Testcases.TC001_AccountRegistrationTest - *** clicked on Register Link ***
12:12:00.341 [main] INFO  Testcases.TC001_AccountRegistrationTest - providing customer details...
12:12:02.785 [main] INFO  Testcases.TC001_AccountRegistrationTest - Validating expected message
12:12:02.838 [main] INFO  Testcases.TC001_AccountRegistrationTest - *** Finished TC001_AccountRegistrationTest ***
12:12:09.913 [main] INFO  Testcases.TC002_LoginTest - ****TC002_LoginTest Started****
12:12:12.898 [main] INFO  Testcases.TC002_LoginTest - ***TC002_LoginTest Finished***
08:36:46.408 [main] DEBUG org.testng.TestNG - suiteXmlPath: "C:\seleniumwebdriver\OpencartV121\Master.xml"
08:38:02.737 [main] DEBUG org.testng.TestNG - suiteXmlPath: "C:\seleniumwebdriver\OpencartV121\Master.xml"
08:38:55.490 [main] DEBUG org.testng.TestNG - suiteXmlPath: "C:\seleniumwebdriver\OpencartV121\Master.xml"
08:38:55.877 [main] INFO  org.testng.internal.Utils - [TestNG] Running:
  C:\seleniumwebdriver\OpencartV121\Master.xml

08:39:12.064 [main] DEBUG org.testng.TestNG - suiteXmlPath: "C:\seleniumwebdriver\OpencartV121\Master.xml"
08:39:12.452 [main] INFO  org.testng.internal.Utils - [TestNG] Running:
  C:\seleniumwebdriver\OpencartV121\Master.xml

08:39:37.151 [main] DEBUG org.testng.TestNG - suiteXmlPath: "C:\seleniumwebdriver\OpencartV121\grid-docker.xml"
08:39:37.473 [main] INFO  org.testng.internal.Utils - [TestNG] Running:
  C:\seleniumwebdriver\OpencartV121\grid-docker.xml

08:40:12.277 [main] DEBUG org.testng.TestNG - suiteXmlPath: "C:\seleniumwebdriver\OpencartV121\Grouping.xml"
08:40:12.659 [main] INFO  org.testng.internal.Utils - [TestNG] Running:
  C:\seleniumwebdriver\OpencartV121\Grouping.xml

08:40:48.089 [main] DEBUG org.testng.TestNG - suiteXmlPath: "C:\seleniumwebdriver\OpencartV121\Grouping.xml"
08:40:48.445 [main] INFO  org.testng.internal.Utils - [TestNG] Running:
  C:\seleniumwebdriver\OpencartV121\Grouping.xml

08:42:32.044 [main] DEBUG org.testng.TestNG - suiteXmlPath: "C:\seleniumwebdriver\OpencartV121\Grouping.xml"
08:42:32.341 [main] INFO  org.testng.internal.Utils - [TestNG] Running:
  C:\seleniumwebdriver\OpencartV121\Grouping.xml

08:44:03.894 [main] DEBUG org.testng.TestNG - suiteXmlPath: "C:\seleniumwebdriver\OpencartV121\Grouping.xml"
08:44:04.207 [main] INFO  org.testng.internal.Utils - [TestNG] Running:
  C:\seleniumwebdriver\OpencartV121\Grouping.xml

08:45:15.586 [main] DEBUG org.testng.TestNG - suiteXmlPath: "C:\seleniumwebdriver\OpencartV121\crossbrowsertesting.xml"
08:45:15.899 [main] INFO  org.testng.internal.Utils - [TestNG] Running:
  C:\seleniumwebdriver\OpencartV121\crossbrowsertesting.xml

08:46:54.496 [main] DEBUG org.testng.TestNG - suiteXmlPath: "C:\seleniumwebdriver\OpencartV121\crossbrowsertesting.xml"
08:46:54.797 [main] INFO  org.testng.internal.Utils - [TestNG] Running:
  C:\seleniumwebdriver\OpencartV121\crossbrowsertesting.xml

08:47:39.728 [main] DEBUG org.testng.TestNG - suiteXmlPath: "C:\seleniumwebdriver\OpencartV121\Master.xml"
08:47:40.027 [main] INFO  org.testng.internal.Utils - [TestNG] Running:
  C:\seleniumwebdriver\OpencartV121\Master.xml

08:48:58.275 [main] DEBUG org.testng.TestNG - suiteXmlPath: "C:\seleniumwebdriver\OpencartV121\Master.xml"
08:48:58.758 [main] INFO  org.testng.internal.Utils - [TestNG] Running:
  C:\seleniumwebdriver\OpencartV121\Master.xml

09:04:55.031 [main] DEBUG org.testng.TestNG - suiteXmlPath: "C:\seleniumwebdriver\OpencartV121\Master.xml"
09:12:47.371 [main] DEBUG org.testng.TestNG - suiteXmlPath: "C:\seleniumwebdriver\OpencartV121\grid-docker.xml"
09:12:50.788 [main] INFO  org.testng.internal.Utils - [TestNG] Running:
  C:\seleniumwebdriver\OpencartV121\grid-docker.xml

09:13:37.294 [main] INFO  Testcases.TC001_AccountRegistrationTest - *** starting TC001_AccountRegistrationTest ***
09:13:39.637 [main] INFO  Testcases.TC001_AccountRegistrationTest - *** clicked on MyAccount link
09:13:43.373 [main] INFO  Testcases.TC001_AccountRegistrationTest - *** clicked on Register Link ***
09:13:43.400 [main] INFO  Testcases.TC001_AccountRegistrationTest - providing customer details...
09:13:58.153 [main] INFO  Testcases.TC001_AccountRegistrationTest - Validating expected message
09:13:58.770 [main] INFO  Testcases.TC001_AccountRegistrationTest - *** Finished TC001_AccountRegistrationTest ***
09:15:03.643 [main] INFO  Testcases.TC002_LoginTest - ****TC002_LoginTest Started****
09:15:17.749 [main] INFO  Testcases.TC002_LoginTest - ***TC002_LoginTest Finished***
09:16:38.873 [main] DEBUG org.testng.TestNG - suiteXmlPath: "C:\seleniumwebdriver\OpencartV121\Master.xml"
