09:25:33.481 [main] DEBUG org.testng.TestNG - suiteXmlPath: "C:\seleniumwebdriver\OpencartV121\Master.xml"
09:26:28.345 [main] INFO  Testcases.TC001_AccountRegistrationTest - *** starting TC001_AccountRegistrationTest ***
09:26:28.571 [main] INFO  Testcases.TC001_AccountRegistrationTest - *** clicked on MyAccount link
09:26:29.494 [main] INFO  Testcases.TC001_AccountRegistrationTest - *** clicked on Register Link ***
09:26:29.500 [main] INFO  Testcases.TC001_AccountRegistrationTest - providing customer details...
09:26:32.104 [main] INFO  Testcases.TC001_AccountRegistrationTest - Validating expected message
09:26:32.152 [main] INFO  Testcases.TC001_AccountRegistrationTest - *** Finished TC001_AccountRegistrationTest ***
09:26:36.838 [main] INFO  Testcases.TC002_LoginTest - ****TC002_LoginTest Started****
09:26:39.042 [main] INFO  Testcases.TC002_LoginTest - ***TC002_LoginTest Finished***
12:52:04.837 [main] DEBUG org.testng.TestNG - suiteXmlPath: "C:\seleniumwebdriver\OpencartV121\Master.xml"
12:52:23.225 [main] INFO  Testcases.TC001_AccountRegistrationTest - *** starting TC001_AccountRegistrationTest ***
12:52:23.825 [main] INFO  Testcases.TC001_AccountRegistrationTest - *** clicked on MyAccount link
12:52:24.911 [main] INFO  Testcases.TC001_AccountRegistrationTest - *** clicked on Register Link ***
12:52:24.928 [main] INFO  Testcases.TC001_AccountRegistrationTest - providing customer details...
12:52:29.596 [main] INFO  Testcases.TC001_AccountRegistrationTest - Validating expected message
12:52:29.776 [main] INFO  Testcases.TC001_AccountRegistrationTest - *** Finished TC001_AccountRegistrationTest ***
12:52:36.260 [main] INFO  Testcases.TC002_LoginTest - ****TC002_LoginTest Started****
12:52:40.759 [main] INFO  Testcases.TC002_LoginTest - ***TC002_LoginTest Finished***
14:02:01.534 [main] DEBUG org.testng.TestNG - suiteXmlPath: "C:\seleniumwebdriver\OpencartV121\Master.xml"
14:02:20.378 [main] INFO  Testcases.TC001_AccountRegistrationTest - *** starting TC001_AccountRegistrationTest ***
14:02:20.489 [main] INFO  Testcases.TC001_AccountRegistrationTest - *** clicked on MyAccount link
14:02:21.196 [main] INFO  Testcases.TC001_AccountRegistrationTest - *** clicked on Register Link ***
14:02:21.199 [main] INFO  Testcases.TC001_AccountRegistrationTest - providing customer details...
14:02:23.612 [main] INFO  Testcases.TC001_AccountRegistrationTest - Validating expected message
14:02:23.643 [main] INFO  Testcases.TC001_AccountRegistrationTest - *** Finished TC001_AccountRegistrationTest ***
14:02:26.968 [main] INFO  Testcases.TC002_LoginTest - ****TC002_LoginTest Started****
14:02:28.950 [main] INFO  Testcases.TC002_LoginTest - ***TC002_LoginTest Finished***
14:28:41.298 [main] DEBUG org.testng.TestNG - suiteXmlPath: "C:\seleniumwebdriver\OpencartV121\Master.xml"
14:28:49.704 [main] INFO  Testcases.TC001_AccountRegistrationTest - *** starting TC001_AccountRegistrationTest ***
14:28:49.824 [main] INFO  Testcases.TC001_AccountRegistrationTest - *** clicked on MyAccount link
14:28:50.578 [main] INFO  Testcases.TC001_AccountRegistrationTest - *** clicked on Register Link ***
14:28:50.581 [main] INFO  Testcases.TC001_AccountRegistrationTest - providing customer details...
14:28:52.216 [main] INFO  Testcases.TC001_AccountRegistrationTest - Validating expected message
14:28:52.247 [main] INFO  Testcases.TC001_AccountRegistrationTest - *** Finished TC001_AccountRegistrationTest ***
14:28:54.990 [main] INFO  Testcases.TC002_LoginTest - ****TC002_LoginTest Started****
14:28:56.525 [main] INFO  Testcases.TC002_LoginTest - ***TC002_LoginTest Finished***
14:29:40.912 [main] DEBUG org.testng.TestNG - suiteXmlPath: "C:\seleniumwebdriver\OpencartV121\Master.xml"
14:29:45.323 [main] INFO  Testcases.TC001_AccountRegistrationTest - *** starting TC001_AccountRegistrationTest ***
14:29:45.458 [main] INFO  Testcases.TC001_AccountRegistrationTest - *** clicked on MyAccount link
14:29:46.203 [main] INFO  Testcases.TC001_AccountRegistrationTest - *** clicked on Register Link ***
14:29:46.206 [main] INFO  Testcases.TC001_AccountRegistrationTest - providing customer details...
14:29:48.096 [main] INFO  Testcases.TC001_AccountRegistrationTest - Validating expected message
14:29:48.131 [main] INFO  Testcases.TC001_AccountRegistrationTest - *** Finished TC001_AccountRegistrationTest ***
14:29:51.873 [main] INFO  Testcases.TC002_LoginTest - ****TC002_LoginTest Started****
14:29:54.141 [main] INFO  Testcases.TC002_LoginTest - ***TC002_LoginTest Finished***
